HEAD is now at 7312a0cc feat(marketing): r2 독립 참여와 신청을 원자적으로 보존 (#1552)
Preparing worktree (detached HEAD 7312a0cc)
Updating files:  47% (3218/6844)
Updating files:  48% (3286/6844)
Updating files:  49% (3354/6844)
Updating files:  50% (3422/6844)
Updating files:  51% (3491/6844)
Updating files:  52% (3559/6844)
Updating files:  53% (3628/6844)
Updating files:  54% (3696/6844)
Updating files:  55% (3765/6844)
Updating files:  56% (3833/6844)
Updating files:  57% (3902/6844)
Updating files:  58% (3970/6844)
Updating files:  59% (4038/6844)
Updating files:  60% (4107/6844)
Updating files:  61% (4175/6844)
Updating files:  62% (4244/6844)
Updating files:  63% (4312/6844)
Updating files:  64% (4381/6844)
Updating files:  65% (4449/6844)
Updating files:  66% (4518/6844)
Updating files:  67% (4586/6844)
Updating files:  68% (4654/6844)
Updating files:  69% (4723/6844)
Updating files:  70% (4791/6844)
Updating files:  71% (4860/6844)
Updating files:  72% (4928/6844)
Updating files:  73% (4997/6844)
Updating files:  74% (5065/6844)
Updating files:  75% (5133/6844)
Updating files:  76% (5202/6844)
Updating files:  77% (5270/6844)
Updating files:  78% (5339/6844)
Updating files:  79% (5407/6844)
Updating files:  80% (5476/6844)
Updating files:  81% (5544/6844)
Updating files:  82% (5613/6844)
Updating files:  83% (5681/6844)
Updating files:  84% (5749/6844)
Updating files:  85% (5818/6844)
Updating files:  86% (5886/6844)
Updating files:  86% (5924/6844)
Updating files:  87% (5955/6844)
Updating files:  88% (6023/6844)
Updating files:  89% (6092/6844)
Updating files:  90% (6160/6844)
Updating files:  91% (6229/6844)
Updating files:  92% (6297/6844)
Updating files:  93% (6365/6844)
Updating files:  94% (6434/6844)
Updating files:  95% (6502/6844)
Updating files:  96% (6571/6844)
Updating files:  97% (6639/6844)
Updating files:  98% (6708/6844)
Updating files:  99% (6776/6844)
Updating files: 100% (6844/6844)
Updating files: 100% (6844/6844), done.
