Lockfile is up to date, resolution step is skipped
Progress: resolved 1, reused 0, downloaded 0, added 0
Packages: +678
++++++++++++++++++++++++++++++++++++++++++++++++++++++++++++++++++++++++++++++++
Progress: resolved 678, reused 677, downloaded 0, added 92
Progress: resolved 678, reused 677, downloaded 0, added 376
Progress: resolved 678, reused 677, downloaded 0, added 662
Progress: resolved 678, reused 677, downloaded 0, added 678, done

dependencies:
+ @radix-ui/react-icons 1.3.2
+ @supabase/ssr 0.7.0
+ @supabase/supabase-js 2.99.1
+ next 15.5.24
+ react 19.1.0
+ react-dom 19.1.0
+ zustand 5.0.11

devDependencies:
+ @axe-core/playwright 4.11.1
+ @eslint/eslintrc 3.3.7
+ @lhci/cli 0.15.1
+ @playwright/test 1.58.2
+ @tailwindcss/postcss 4.2.1
+ @testing-library/react 16.3.2
+ @testing-library/user-event 14.6.1
+ @types/node 20.19.37
+ @types/react 19.2.14
+ @types/react-dom 19.2.3
+ eslint 9.39.5
+ eslint-config-next 15.5.24
+ jsdom 28.1.0
+ tailwindcss 4.2.1
+ typescript 5.9.3
+ vitest 4.1.8

Done in 4.3s using pnpm v10.32.1
